// Jest Snapshot v1, https://goo.gl/fbAQLP

exports[`renders the Board component 1`] = `ShallowWrapper {}`;

exports[`renders the Board with props 1`] = `ShallowWrapper {}`;
